// Jest Snapshot v1, https://goo.gl/fbAQLP

exports[`Bookmarks 1`] = `
<main
  className="Bookmarks"
>
  <div
    className="Bookmarks-Row"
  >
    <h3
      className="Bookmarks-Title"
    >
      Избранное
    </h3>
    <form
      className="Bookmarks-Add"
      onSubmit={[Function]}
    >
      <input
        className="Bookmarks-Input"
        onChange={[Function]}
        placeholder="Добавить новый город"
        type="text"
      />
      <input
        className="Bookmarks-AddButton Weather-Button"
        type="submit"
        value="+"
      />
    </form>
  </div>
</main>
`;
